// Jest Snapshot v1, https://goo.gl/fbAQLP

exports[`renders correctly 1`] = `
<div
  className="justify-content-center"
>
  <div
    style={
      Object {
        "backgroundColor": "#ccecfa",
        "borderRadius": "4px",
        "cursor": "pointer",
        "fontSize": "14px",
        "fontWeight": "700",
        "height": "34px",
        "lineHeight": "34px",
        "margin": "10px 0",
        "position": "relative",
        "textAlign": "center",
        "width": "100%",
      }
    }
  >
     
    13:30
     
  </div>
</div>
`;
