// Jest Snapshot v1, https://goo.gl/fbAQLP

exports[`renders correctly 1`] = `
<div
  className="text-center"
>
  <h5>
    Vendredi
  </h5>
  <h5>
    25 mai
  </h5>
</div>
`;
