// Jest Snapshot v1, https://goo.gl/fbAQLP

exports[`renders correctly 1`] = `
<div
  className="container"
>
  <div
    className="row"
  >
    <div
      className="col"
    >
      linkedin
    </div>
    <div
      className="col"
    >
      projet
    </div>
    <div
      className="col"
    >
      liens
    </div>
  </div>
  <div
    className="row"
  >
    <div
      className="col"
    >
      linkedin
    </div>
    <div
      className="col"
    >
      projet
    </div>
    <div
      className="col"
    >
      liens
    </div>
  </div>
  <div
    className="row"
  >
    <div
      className="col"
    >
      linkedin
    </div>
    <div
      className="col"
    >
      projet
    </div>
    <div
      className="col"
    >
      liens
    </div>
  </div>
</div>
`;
