// Jest Snapshot v1, https://goo.gl/fbAQLP

exports[`renders correctly 1`] = `
<header>
  <img
    alt="logo"
    className="w-25 p-3"
    src="http://res.cloudinary.com/dlfnke6kc/image/upload/v1527837786/karols-600x600px_fdxlcu.jpg"
  />
  <div
    className="mb-4"
  >
    <div
      className="card text-white"
    >
      <img
        alt="Name of service"
        className="img-fluid"
        height="250"
        src={undefined}
        width="500"
      />
      <div
        className="card-img-overlay"
      >
        <h5
          className="card-title"
          style={
            Object {
              "fontSize": "2em",
            }
          }
        />
        <p
          className="card-text"
        />
      </div>
      <div
        className="card-footer"
      >
        <button
          className="btn btn-default btn-lg btn-block"
          onClick={[Function]}
          type={undefined}
        >
          Choisir ce service
        </button>
      </div>
    </div>
  </div>
</header>
`;
