// Jest Snapshot v1, https://goo.gl/fbAQLP

exports[`renders correctly 1`] = `
<div>
  <div>
    <hr />
    <h2
      className="display-4"
    >
      Etape 4: SÃ©lectionnez vos prestations
    </h2>
  </div>
</div>
`;
