// Jest Snapshot v1, https://goo.gl/fbAQLP

exports[`renders correctly 1`] = `
<div
  style={
    Object {
      "flexBasis": "0px",
      "flexGrow": "1",
      "flexShrink": "0",
      "margin": "0 7px",
      "maxWidth": "75px",
    }
  }
>
  <div
    style={
      Object {
        "color": "#435f71",
        "fontSize": "13px",
        "marginBottom": "24px",
        "textAlign": "center",
      }
    }
  >
    <p
      style={
        Object {
          "fontWeight": "700",
        }
      }
    />
    <p
      style={
        Object {
          "fontSize": "13px",
          "marginBottom": "24px",
          "textAlign": "center",
        }
      }
    >
      Wed
      <br />
      25 M07
    </p>
  </div>
  <div
    style={
      Object {
        "display": "block",
      }
    }
  >
    <div
      className="justify-content-center"
      onClick={[Function]}
    >
      <div
        style={
          Object {
            "backgroundColor": "rgba(255, 255, 255, 0.9)",
            "border": "solid 1px #110F0F",
            "borderRadius": "4px",
            "color": "#000",
            "cursor": "pointer",
            "fontSize": "14px",
            "fontWeight": "700",
            "height": "34px",
            "lineHeight": "34px",
            "margin": "10px 0",
            "position": "relative",
            "textAlign": "center",
            "width": "100%",
          }
        }
      >
         
        09:00
      </div>
    </div>
    <div
      className="justify-content-center"
      onClick={[Function]}
    >
      <div
        style={
          Object {
            "backgroundColor": "rgba(255, 255, 255, 0.9)",
            "border": "solid 1px #110F0F",
            "borderRadius": "4px",
            "color": "#000",
            "cursor": "pointer",
            "fontSize": "14px",
            "fontWeight": "700",
            "height": "34px",
            "lineHeight": "34px",
            "margin": "10px 0",
            "position": "relative",
            "textAlign": "center",
            "width": "100%",
          }
        }
      >
         
        09:15
      </div>
    </div>
    <div
      className="justify-content-center"
      onClick={[Function]}
    >
      <div
        style={
          Object {
            "backgroundColor": "rgba(255, 255, 255, 0.9)",
            "border": "solid 1px #110F0F",
            "borderRadius": "4px",
            "color": "#000",
            "cursor": "pointer",
            "fontSize": "14px",
            "fontWeight": "700",
            "height": "34px",
            "lineHeight": "34px",
            "margin": "10px 0",
            "position": "relative",
            "textAlign": "center",
            "width": "100%",
          }
        }
      >
         
        09:30
      </div>
    </div>
    <div
      className="justify-content-center"
      onClick={[Function]}
    >
      <div
        style={
          Object {
            "backgroundColor": "rgba(255, 255, 255, 0.9)",
            "border": "solid 1px #110F0F",
            "borderRadius": "4px",
            "color": "#000",
            "cursor": "pointer",
            "fontSize": "14px",
            "fontWeight": "700",
            "height": "34px",
            "lineHeight": "34px",
            "margin": "10px 0",
            "position": "relative",
            "textAlign": "center",
            "width": "100%",
          }
        }
      >
         
        09:45
      </div>
    </div>
    <div
      className="justify-content-center"
      onClick={[Function]}
    >
      <div
        style={
          Object {
            "backgroundColor": "rgba(255, 255, 255, 0.9)",
            "border": "solid 1px #110F0F",
            "borderRadius": "4px",
            "color": "#000",
            "cursor": "pointer",
            "fontSize": "14px",
            "fontWeight": "700",
            "height": "34px",
            "lineHeight": "34px",
            "margin": "10px 0",
            "position": "relative",
            "textAlign": "center",
            "width": "100%",
          }
        }
      >
         
        10:00
      </div>
    </div>
    <div
      className="justify-content-center"
      onClick={[Function]}
    >
      <div
        style={
          Object {
            "backgroundColor": "rgba(255, 255, 255, 0.9)",
            "border": "solid 1px #110F0F",
            "borderRadius": "4px",
            "color": "#000",
            "cursor": "pointer",
            "fontSize": "14px",
            "fontWeight": "700",
            "height": "34px",
            "lineHeight": "34px",
            "margin": "10px 0",
            "position": "relative",
            "textAlign": "center",
            "width": "100%",
          }
        }
      >
         
        10:15
      </div>
    </div>
    <div
      className="justify-content-center"
      onClick={[Function]}
    >
      <div
        style={
          Object {
            "backgroundColor": "rgba(255, 255, 255, 0.9)",
            "border": "solid 1px #110F0F",
            "borderRadius": "4px",
            "color": "#000",
            "cursor": "pointer",
            "fontSize": "14px",
            "fontWeight": "700",
            "height": "34px",
            "lineHeight": "34px",
            "margin": "10px 0",
            "position": "relative",
            "textAlign": "center",
            "width": "100%",
          }
        }
      >
         
        10:30
      </div>
    </div>
    <div
      className="justify-content-center"
      onClick={[Function]}
    >
      <div
        style={
          Object {
            "backgroundColor": "rgba(255, 255, 255, 0.9)",
            "border": "solid 1px #110F0F",
            "borderRadius": "4px",
            "color": "#000",
            "cursor": "pointer",
            "fontSize": "14px",
            "fontWeight": "700",
            "height": "34px",
            "lineHeight": "34px",
            "margin": "10px 0",
            "position": "relative",
            "textAlign": "center",
            "width": "100%",
          }
        }
      >
         
        10:45
      </div>
    </div>
    <div
      className="justify-content-center"
      onClick={[Function]}
    >
      <div
        style={
          Object {
            "backgroundColor": "rgba(255, 255, 255, 0.9)",
            "border": "solid 1px #110F0F",
            "borderRadius": "4px",
            "color": "#000",
            "cursor": "pointer",
            "fontSize": "14px",
            "fontWeight": "700",
            "height": "34px",
            "lineHeight": "34px",
            "margin": "10px 0",
            "position": "relative",
            "textAlign": "center",
            "width": "100%",
          }
        }
      >
         
        11:00
      </div>
    </div>
    <div
      className="justify-content-center"
      onClick={[Function]}
    >
      <div
        style={
          Object {
            "backgroundColor": "rgba(255, 255, 255, 0.9)",
            "border": "solid 1px #110F0F",
            "borderRadius": "4px",
            "color": "#000",
            "cursor": "pointer",
            "fontSize": "14px",
            "fontWeight": "700",
            "height": "34px",
            "lineHeight": "34px",
            "margin": "10px 0",
            "position": "relative",
            "textAlign": "center",
            "width": "100%",
          }
        }
      >
         
        11:15
      </div>
    </div>
    <div
      className="justify-content-center"
      onClick={[Function]}
    >
      <div
        style={
          Object {
            "backgroundColor": "rgba(255, 255, 255, 0.9)",
            "border": "solid 1px #110F0F",
            "borderRadius": "4px",
            "color": "#000",
            "cursor": "pointer",
            "fontSize": "14px",
            "fontWeight": "700",
            "height": "34px",
            "lineHeight": "34px",
            "margin": "10px 0",
            "position": "relative",
            "textAlign": "center",
            "width": "100%",
          }
        }
      >
         
        11:30
      </div>
    </div>
    <div
      className="justify-content-center"
      onClick={[Function]}
    >
      <div
        style={
          Object {
            "backgroundColor": "rgba(255, 255, 255, 0.9)",
            "border": "solid 1px #110F0F",
            "borderRadius": "4px",
            "color": "#000",
            "cursor": "pointer",
            "fontSize": "14px",
            "fontWeight": "700",
            "height": "34px",
            "lineHeight": "34px",
            "margin": "10px 0",
            "position": "relative",
            "textAlign": "center",
            "width": "100%",
          }
        }
      >
         
        11:45
      </div>
    </div>
    <div
      className="justify-content-center"
      onClick={[Function]}
    >
      <div
        style={
          Object {
            "backgroundColor": "rgba(255, 255, 255, 0.9)",
            "border": "solid 1px #110F0F",
            "borderRadius": "4px",
            "color": "#000",
            "cursor": "pointer",
            "fontSize": "14px",
            "fontWeight": "700",
            "height": "34px",
            "lineHeight": "34px",
            "margin": "10px 0",
            "position": "relative",
            "textAlign": "center",
            "width": "100%",
          }
        }
      >
         
        12:00
      </div>
    </div>
    <div
      className="justify-content-center"
      onClick={[Function]}
    >
      <div
        style={
          Object {
            "backgroundColor": "rgba(255, 255, 255, 0.9)",
            "border": "solid 1px #110F0F",
            "borderRadius": "4px",
            "color": "#000",
            "cursor": "pointer",
            "fontSize": "14px",
            "fontWeight": "700",
            "height": "34px",
            "lineHeight": "34px",
            "margin": "10px 0",
            "position": "relative",
            "textAlign": "center",
            "width": "100%",
          }
        }
      >
         
        12:15
      </div>
    </div>
    <div
      className="justify-content-center"
      onClick={[Function]}
    >
      <div
        style={
          Object {
            "backgroundColor": "rgba(255, 255, 255, 0.9)",
            "border": "solid 1px #110F0F",
            "borderRadius": "4px",
            "color": "#000",
            "cursor": "pointer",
            "fontSize": "14px",
            "fontWeight": "700",
            "height": "34px",
            "lineHeight": "34px",
            "margin": "10px 0",
            "position": "relative",
            "textAlign": "center",
            "width": "100%",
          }
        }
      >
         
        12:30
      </div>
    </div>
    <div
      className="justify-content-center"
      onClick={[Function]}
    >
      <div
        style={
          Object {
            "backgroundColor": "rgba(255, 255, 255, 0.9)",
            "border": "solid 1px #110F0F",
            "borderRadius": "4px",
            "color": "#000",
            "cursor": "pointer",
            "fontSize": "14px",
            "fontWeight": "700",
            "height": "34px",
            "lineHeight": "34px",
            "margin": "10px 0",
            "position": "relative",
            "textAlign": "center",
            "width": "100%",
          }
        }
      >
         
        12:45
      </div>
    </div>
    <div
      className="justify-content-center"
      onClick={[Function]}
    >
      <div
        style={
          Object {
            "backgroundColor": "rgba(255, 255, 255, 0.9)",
            "border": "solid 1px #110F0F",
            "borderRadius": "4px",
            "color": "#000",
            "cursor": "pointer",
            "fontSize": "14px",
            "fontWeight": "700",
            "height": "34px",
            "lineHeight": "34px",
            "margin": "10px 0",
            "position": "relative",
            "textAlign": "center",
            "width": "100%",
          }
        }
      >
         
        13:00
      </div>
    </div>
    <div
      className="justify-content-center"
      onClick={[Function]}
    >
      <div
        style={
          Object {
            "backgroundColor": "rgba(255, 255, 255, 0.9)",
            "border": "solid 1px #110F0F",
            "borderRadius": "4px",
            "color": "#000",
            "cursor": "pointer",
            "fontSize": "14px",
            "fontWeight": "700",
            "height": "34px",
            "lineHeight": "34px",
            "margin": "10px 0",
            "position": "relative",
            "textAlign": "center",
            "width": "100%",
          }
        }
      >
         
        13:15
      </div>
    </div>
    <div
      className="justify-content-center"
      onClick={[Function]}
    >
      <div
        style={
          Object {
            "backgroundColor": "rgba(255, 255, 255, 0.9)",
            "border": "solid 1px #110F0F",
            "borderRadius": "4px",
            "color": "#000",
            "cursor": "pointer",
            "fontSize": "14px",
            "fontWeight": "700",
            "height": "34px",
            "lineHeight": "34px",
            "margin": "10px 0",
            "position": "relative",
            "textAlign": "center",
            "width": "100%",
          }
        }
      >
         
        13:30
      </div>
    </div>
    <div
      className="justify-content-center"
      onClick={[Function]}
    >
      <div
        style={
          Object {
            "backgroundColor": "rgba(255, 255, 255, 0.9)",
            "border": "solid 1px #110F0F",
            "borderRadius": "4px",
            "color": "#000",
            "cursor": "pointer",
            "fontSize": "14px",
            "fontWeight": "700",
            "height": "34px",
            "lineHeight": "34px",
            "margin": "10px 0",
            "position": "relative",
            "textAlign": "center",
            "width": "100%",
          }
        }
      >
         
        13:45
      </div>
    </div>
    <div
      className="justify-content-center"
      onClick={[Function]}
    >
      <div
        style={
          Object {
            "backgroundColor": "rgba(255, 255, 255, 0.9)",
            "border": "solid 1px #110F0F",
            "borderRadius": "4px",
            "color": "#000",
            "cursor": "pointer",
            "fontSize": "14px",
            "fontWeight": "700",
            "height": "34px",
            "lineHeight": "34px",
            "margin": "10px 0",
            "position": "relative",
            "textAlign": "center",
            "width": "100%",
          }
        }
      >
         
        14:00
      </div>
    </div>
    <div
      className="justify-content-center"
      onClick={[Function]}
    >
      <div
        style={
          Object {
            "backgroundColor": "rgba(255, 255, 255, 0.9)",
            "border": "solid 1px #110F0F",
            "borderRadius": "4px",
            "color": "#000",
            "cursor": "pointer",
            "fontSize": "14px",
            "fontWeight": "700",
            "height": "34px",
            "lineHeight": "34px",
            "margin": "10px 0",
            "position": "relative",
            "textAlign": "center",
            "width": "100%",
          }
        }
      >
         
        14:15
      </div>
    </div>
    <div
      className="justify-content-center"
      onClick={[Function]}
    >
      <div
        style={
          Object {
            "backgroundColor": "rgba(255, 255, 255, 0.9)",
            "border": "solid 1px #110F0F",
            "borderRadius": "4px",
            "color": "#000",
            "cursor": "pointer",
            "fontSize": "14px",
            "fontWeight": "700",
            "height": "34px",
            "lineHeight": "34px",
            "margin": "10px 0",
            "position": "relative",
            "textAlign": "center",
            "width": "100%",
          }
        }
      >
         
        14:30
      </div>
    </div>
    <div
      className="justify-content-center"
      onClick={[Function]}
    >
      <div
        style={
          Object {
            "backgroundColor": "rgba(255, 255, 255, 0.9)",
            "border": "solid 1px #110F0F",
            "borderRadius": "4px",
            "color": "#000",
            "cursor": "pointer",
            "fontSize": "14px",
            "fontWeight": "700",
            "height": "34px",
            "lineHeight": "34px",
            "margin": "10px 0",
            "position": "relative",
            "textAlign": "center",
            "width": "100%",
          }
        }
      >
         
        14:45
      </div>
    </div>
    <div
      className="justify-content-center"
      onClick={[Function]}
    >
      <div
        style={
          Object {
            "backgroundColor": "rgba(255, 255, 255, 0.9)",
            "border": "solid 1px #110F0F",
            "borderRadius": "4px",
            "color": "#000",
            "cursor": "pointer",
            "fontSize": "14px",
            "fontWeight": "700",
            "height": "34px",
            "lineHeight": "34px",
            "margin": "10px 0",
            "position": "relative",
            "textAlign": "center",
            "width": "100%",
          }
        }
      >
         
        15:00
      </div>
    </div>
    <div
      className="justify-content-center"
      onClick={[Function]}
    >
      <div
        style={
          Object {
            "backgroundColor": "rgba(255, 255, 255, 0.9)",
            "border": "solid 1px #110F0F",
            "borderRadius": "4px",
            "color": "#000",
            "cursor": "pointer",
            "fontSize": "14px",
            "fontWeight": "700",
            "height": "34px",
            "lineHeight": "34px",
            "margin": "10px 0",
            "position": "relative",
            "textAlign": "center",
            "width": "100%",
          }
        }
      >
         
        15:15
      </div>
    </div>
    <div
      className="justify-content-center"
      onClick={[Function]}
    >
      <div
        style={
          Object {
            "backgroundColor": "rgba(255, 255, 255, 0.9)",
            "border": "solid 1px #110F0F",
            "borderRadius": "4px",
            "color": "#000",
            "cursor": "pointer",
            "fontSize": "14px",
            "fontWeight": "700",
            "height": "34px",
            "lineHeight": "34px",
            "margin": "10px 0",
            "position": "relative",
            "textAlign": "center",
            "width": "100%",
          }
        }
      >
         
        15:30
      </div>
    </div>
    <div
      className="justify-content-center"
      onClick={[Function]}
    >
      <div
        style={
          Object {
            "backgroundColor": "rgba(255, 255, 255, 0.9)",
            "border": "solid 1px #110F0F",
            "borderRadius": "4px",
            "color": "#000",
            "cursor": "pointer",
            "fontSize": "14px",
            "fontWeight": "700",
            "height": "34px",
            "lineHeight": "34px",
            "margin": "10px 0",
            "position": "relative",
            "textAlign": "center",
            "width": "100%",
          }
        }
      >
         
        15:45
      </div>
    </div>
    <div
      className="justify-content-center"
      onClick={[Function]}
    >
      <div
        style={
          Object {
            "backgroundColor": "rgba(255, 255, 255, 0.9)",
            "border": "solid 1px #110F0F",
            "borderRadius": "4px",
            "color": "#000",
            "cursor": "pointer",
            "fontSize": "14px",
            "fontWeight": "700",
            "height": "34px",
            "lineHeight": "34px",
            "margin": "10px 0",
            "position": "relative",
            "textAlign": "center",
            "width": "100%",
          }
        }
      >
         
        16:00
      </div>
    </div>
    <div
      className="justify-content-center"
      onClick={[Function]}
    >
      <div
        style={
          Object {
            "backgroundColor": "rgba(255, 255, 255, 0.9)",
            "border": "solid 1px #110F0F",
            "borderRadius": "4px",
            "color": "#000",
            "cursor": "pointer",
            "fontSize": "14px",
            "fontWeight": "700",
            "height": "34px",
            "lineHeight": "34px",
            "margin": "10px 0",
            "position": "relative",
            "textAlign": "center",
            "width": "100%",
          }
        }
      >
         
        16:15
      </div>
    </div>
    <div
      className="justify-content-center"
      onClick={[Function]}
    >
      <div
        style={
          Object {
            "backgroundColor": "rgba(255, 255, 255, 0.9)",
            "border": "solid 1px #110F0F",
            "borderRadius": "4px",
            "color": "#000",
            "cursor": "pointer",
            "fontSize": "14px",
            "fontWeight": "700",
            "height": "34px",
            "lineHeight": "34px",
            "margin": "10px 0",
            "position": "relative",
            "textAlign": "center",
            "width": "100%",
          }
        }
      >
         
        16:30
      </div>
    </div>
    <div
      className="justify-content-center"
      onClick={[Function]}
    >
      <div
        style={
          Object {
            "backgroundColor": "rgba(255, 255, 255, 0.9)",
            "border": "solid 1px #110F0F",
            "borderRadius": "4px",
            "color": "#000",
            "cursor": "pointer",
            "fontSize": "14px",
            "fontWeight": "700",
            "height": "34px",
            "lineHeight": "34px",
            "margin": "10px 0",
            "position": "relative",
            "textAlign": "center",
            "width": "100%",
          }
        }
      >
         
        16:45
      </div>
    </div>
    <div
      className="justify-content-center"
      onClick={[Function]}
    >
      <div
        style={
          Object {
            "backgroundColor": "rgba(255, 255, 255, 0.9)",
            "border": "solid 1px #110F0F",
            "borderRadius": "4px",
            "color": "#000",
            "cursor": "pointer",
            "fontSize": "14px",
            "fontWeight": "700",
            "height": "34px",
            "lineHeight": "34px",
            "margin": "10px 0",
            "position": "relative",
            "textAlign": "center",
            "width": "100%",
          }
        }
      >
         
        17:00
      </div>
    </div>
    <div
      className="justify-content-center"
      onClick={[Function]}
    >
      <div
        style={
          Object {
            "backgroundColor": "rgba(255, 255, 255, 0.9)",
            "border": "solid 1px #110F0F",
            "borderRadius": "4px",
            "color": "#000",
            "cursor": "pointer",
            "fontSize": "14px",
            "fontWeight": "700",
            "height": "34px",
            "lineHeight": "34px",
            "margin": "10px 0",
            "position": "relative",
            "textAlign": "center",
            "width": "100%",
          }
        }
      >
         
        17:15
      </div>
    </div>
    <div
      className="justify-content-center"
      onClick={[Function]}
    >
      <div
        style={
          Object {
            "backgroundColor": "rgba(255, 255, 255, 0.9)",
            "border": "solid 1px #110F0F",
            "borderRadius": "4px",
            "color": "#000",
            "cursor": "pointer",
            "fontSize": "14px",
            "fontWeight": "700",
            "height": "34px",
            "lineHeight": "34px",
            "margin": "10px 0",
            "position": "relative",
            "textAlign": "center",
            "width": "100%",
          }
        }
      >
         
        17:30
      </div>
    </div>
    <div
      className="justify-content-center"
      onClick={[Function]}
    >
      <div
        style={
          Object {
            "backgroundColor": "rgba(255, 255, 255, 0.9)",
            "border": "solid 1px #110F0F",
            "borderRadius": "4px",
            "color": "#000",
            "cursor": "pointer",
            "fontSize": "14px",
            "fontWeight": "700",
            "height": "34px",
            "lineHeight": "34px",
            "margin": "10px 0",
            "position": "relative",
            "textAlign": "center",
            "width": "100%",
          }
        }
      >
         
        17:45
      </div>
    </div>
  </div>
</div>
`;
