// Jest Snapshot v1, https://goo.gl/fbAQLP

exports[`renders correctly 1`] = `
<div
  className="text-center mb-5"
>
  <form>
    <p>
      Sélectionnez votre date souhaitée :
    </p>
    <input
      name="preferreddatechoice"
      type="date"
    />
  </form>
</div>
`;
