// Jest Snapshot v1, https://goo.gl/fbAQLP

exports[`renders correctly 1`] = `
<div>
  <h2
    className="mt-3 mb-4 display-4"
  >
    Choix de votre pr√©paration Maquillage
  </h2>
</div>
`;
