// Jest Snapshot v1, https://goo.gl/fbAQLP

exports[`renders correctly 1`] = `
<div>
  <hr />
  <h2
    className="display-4"
  >
    Etape 2: Créez votre réservation
  </h2>
</div>
`;
