// Jest Snapshot v1, https://goo.gl/fbAQLP

exports[`renders correctly 1`] = `
<div
  className="table-responsive"
>
  <table
    className="table"
  >
    <tbody>
      <tr>
        <td>
          <div>
            <div
              className="text-center"
            >
              <p>
                Vendredi
              </p>
              <p>
                25 mai
              </p>
            </div>
            <div>
              <div>
                <a
                  className="alert-link"
                  href="#"
                >
                  <p
                    className="text-center"
                  >
                    <span
                      className="badge badge-secondary"
                    >
                      09:00
                    </span>
                  </p>
                </a>
              </div>
              <div>
                <a
                  className="alert-link"
                  href="#"
                >
                  <p
                    className="text-center"
                  >
                    <span
                      className="badge badge-secondary"
                    >
                      09:00
                    </span>
                  </p>
                </a>
              </div>
              <div>
                <a
                  className="alert-link"
                  href="#"
                >
                  <p
                    className="text-center"
                  >
                    <span
                      className="badge badge-secondary"
                    >
                      09:00
                    </span>
                  </p>
                </a>
              </div>
              <div>
                <a
                  className="alert-link"
                  href="#"
                >
                  <p
                    className="text-center"
                  >
                    <span
                      className="badge badge-secondary"
                    >
                      09:00
                    </span>
                  </p>
                </a>
              </div>
              <div>
                <a
                  className="alert-link"
                  href="#"
                >
                  <p
                    className="text-center"
                  >
                    <span
                      className="badge badge-secondary"
                    >
                      09:00
                    </span>
                  </p>
                </a>
              </div>
              <div>
                <a
                  className="alert-link"
                  href="#"
                >
                  <p
                    className="text-center"
                  >
                    <span
                      className="badge badge-secondary"
                    >
                      09:00
                    </span>
                  </p>
                </a>
              </div>
              <div>
                <a
                  className="alert-link"
                  href="#"
                >
                  <p
                    className="text-center"
                  >
                    <span
                      className="badge badge-secondary"
                    >
                      09:00
                    </span>
                  </p>
                </a>
              </div>
              <div>
                <a
                  className="alert-link"
                  href="#"
                >
                  <p
                    className="text-center"
                  >
                    <span
                      className="badge badge-secondary"
                    >
                      09:00
                    </span>
                  </p>
                </a>
              </div>
              <div>
                <a
                  className="alert-link"
                  href="#"
                >
                  <p
                    className="text-center"
                  >
                    <span
                      className="badge badge-secondary"
                    >
                      09:00
                    </span>
                  </p>
                </a>
              </div>
              <div>
                <a
                  className="alert-link"
                  href="#"
                >
                  <p
                    className="text-center"
                  >
                    <span
                      className="badge badge-secondary"
                    >
                      09:00
                    </span>
                  </p>
                </a>
              </div>
            </div>
          </div>
        </td>
        <td>
          <div>
            <div
              className="text-center"
            >
              <p>
                Vendredi
              </p>
              <p>
                25 mai
              </p>
            </div>
            <div>
              <div>
                <a
                  className="alert-link"
                  href="#"
                >
                  <p
                    className="text-center"
                  >
                    <span
                      className="badge badge-secondary"
                    >
                      09:00
                    </span>
                  </p>
                </a>
              </div>
              <div>
                <a
                  className="alert-link"
                  href="#"
                >
                  <p
                    className="text-center"
                  >
                    <span
                      className="badge badge-secondary"
                    >
                      09:00
                    </span>
                  </p>
                </a>
              </div>
              <div>
                <a
                  className="alert-link"
                  href="#"
                >
                  <p
                    className="text-center"
                  >
                    <span
                      className="badge badge-secondary"
                    >
                      09:00
                    </span>
                  </p>
                </a>
              </div>
              <div>
                <a
                  className="alert-link"
                  href="#"
                >
                  <p
                    className="text-center"
                  >
                    <span
                      className="badge badge-secondary"
                    >
                      09:00
                    </span>
                  </p>
                </a>
              </div>
              <div>
                <a
                  className="alert-link"
                  href="#"
                >
                  <p
                    className="text-center"
                  >
                    <span
                      className="badge badge-secondary"
                    >
                      09:00
                    </span>
                  </p>
                </a>
              </div>
              <div>
                <a
                  className="alert-link"
                  href="#"
                >
                  <p
                    className="text-center"
                  >
                    <span
                      className="badge badge-secondary"
                    >
                      09:00
                    </span>
                  </p>
                </a>
              </div>
              <div>
                <a
                  className="alert-link"
                  href="#"
                >
                  <p
                    className="text-center"
                  >
                    <span
                      className="badge badge-secondary"
                    >
                      09:00
                    </span>
                  </p>
                </a>
              </div>
              <div>
                <a
                  className="alert-link"
                  href="#"
                >
                  <p
                    className="text-center"
                  >
                    <span
                      className="badge badge-secondary"
                    >
                      09:00
                    </span>
                  </p>
                </a>
              </div>
              <div>
                <a
                  className="alert-link"
                  href="#"
                >
                  <p
                    className="text-center"
                  >
                    <span
                      className="badge badge-secondary"
                    >
                      09:00
                    </span>
                  </p>
                </a>
              </div>
              <div>
                <a
                  className="alert-link"
                  href="#"
                >
                  <p
                    className="text-center"
                  >
                    <span
                      className="badge badge-secondary"
                    >
                      09:00
                    </span>
                  </p>
                </a>
              </div>
            </div>
          </div>
        </td>
        <td>
          <div>
            <div
              className="text-center"
            >
              <p>
                Vendredi
              </p>
              <p>
                25 mai
              </p>
            </div>
            <div>
              <div>
                <a
                  className="alert-link"
                  href="#"
                >
                  <p
                    className="text-center"
                  >
                    <span
                      className="badge badge-secondary"
                    >
                      09:00
                    </span>
                  </p>
                </a>
              </div>
              <div>
                <a
                  className="alert-link"
                  href="#"
                >
                  <p
                    className="text-center"
                  >
                    <span
                      className="badge badge-secondary"
                    >
                      09:00
                    </span>
                  </p>
                </a>
              </div>
              <div>
                <a
                  className="alert-link"
                  href="#"
                >
                  <p
                    className="text-center"
                  >
                    <span
                      className="badge badge-secondary"
                    >
                      09:00
                    </span>
                  </p>
                </a>
              </div>
              <div>
                <a
                  className="alert-link"
                  href="#"
                >
                  <p
                    className="text-center"
                  >
                    <span
                      className="badge badge-secondary"
                    >
                      09:00
                    </span>
                  </p>
                </a>
              </div>
              <div>
                <a
                  className="alert-link"
                  href="#"
                >
                  <p
                    className="text-center"
                  >
                    <span
                      className="badge badge-secondary"
                    >
                      09:00
                    </span>
                  </p>
                </a>
              </div>
              <div>
                <a
                  className="alert-link"
                  href="#"
                >
                  <p
                    className="text-center"
                  >
                    <span
                      className="badge badge-secondary"
                    >
                      09:00
                    </span>
                  </p>
                </a>
              </div>
              <div>
                <a
                  className="alert-link"
                  href="#"
                >
                  <p
                    className="text-center"
                  >
                    <span
                      className="badge badge-secondary"
                    >
                      09:00
                    </span>
                  </p>
                </a>
              </div>
              <div>
                <a
                  className="alert-link"
                  href="#"
                >
                  <p
                    className="text-center"
                  >
                    <span
                      className="badge badge-secondary"
                    >
                      09:00
                    </span>
                  </p>
                </a>
              </div>
              <div>
                <a
                  className="alert-link"
                  href="#"
                >
                  <p
                    className="text-center"
                  >
                    <span
                      className="badge badge-secondary"
                    >
                      09:00
                    </span>
                  </p>
                </a>
              </div>
              <div>
                <a
                  className="alert-link"
                  href="#"
                >
                  <p
                    className="text-center"
                  >
                    <span
                      className="badge badge-secondary"
                    >
                      09:00
                    </span>
                  </p>
                </a>
              </div>
            </div>
          </div>
        </td>
        <td>
          <div>
            <div
              className="text-center"
            >
              <p>
                Vendredi
              </p>
              <p>
                25 mai
              </p>
            </div>
            <div>
              <div>
                <a
                  className="alert-link"
                  href="#"
                >
                  <p
                    className="text-center"
                  >
                    <span
                      className="badge badge-secondary"
                    >
                      09:00
                    </span>
                  </p>
                </a>
              </div>
              <div>
                <a
                  className="alert-link"
                  href="#"
                >
                  <p
                    className="text-center"
                  >
                    <span
                      className="badge badge-secondary"
                    >
                      09:00
                    </span>
                  </p>
                </a>
              </div>
              <div>
                <a
                  className="alert-link"
                  href="#"
                >
                  <p
                    className="text-center"
                  >
                    <span
                      className="badge badge-secondary"
                    >
                      09:00
                    </span>
                  </p>
                </a>
              </div>
              <div>
                <a
                  className="alert-link"
                  href="#"
                >
                  <p
                    className="text-center"
                  >
                    <span
                      className="badge badge-secondary"
                    >
                      09:00
                    </span>
                  </p>
                </a>
              </div>
              <div>
                <a
                  className="alert-link"
                  href="#"
                >
                  <p
                    className="text-center"
                  >
                    <span
                      className="badge badge-secondary"
                    >
                      09:00
                    </span>
                  </p>
                </a>
              </div>
              <div>
                <a
                  className="alert-link"
                  href="#"
                >
                  <p
                    className="text-center"
                  >
                    <span
                      className="badge badge-secondary"
                    >
                      09:00
                    </span>
                  </p>
                </a>
              </div>
              <div>
                <a
                  className="alert-link"
                  href="#"
                >
                  <p
                    className="text-center"
                  >
                    <span
                      className="badge badge-secondary"
                    >
                      09:00
                    </span>
                  </p>
                </a>
              </div>
              <div>
                <a
                  className="alert-link"
                  href="#"
                >
                  <p
                    className="text-center"
                  >
                    <span
                      className="badge badge-secondary"
                    >
                      09:00
                    </span>
                  </p>
                </a>
              </div>
              <div>
                <a
                  className="alert-link"
                  href="#"
                >
                  <p
                    className="text-center"
                  >
                    <span
                      className="badge badge-secondary"
                    >
                      09:00
                    </span>
                  </p>
                </a>
              </div>
              <div>
                <a
                  className="alert-link"
                  href="#"
                >
                  <p
                    className="text-center"
                  >
                    <span
                      className="badge badge-secondary"
                    >
                      09:00
                    </span>
                  </p>
                </a>
              </div>
            </div>
          </div>
        </td>
      </tr>
    </tbody>
  </table>
</div>
`;
