// Jest Snapshot v1, https://goo.gl/fbAQLP

exports[`renders correctly 1`] = `
<div>
  <div
    className="jumbotron"
    style={
      Object {
        "backgroundColor": "#d7dbe2",
        "borderRadius": "100px",
        "fontSize": "25px",
        "textAlign": "center",
      }
    }
  >
    <h1
      className="display-12"
    >
      Récapitulatif
    </h1>
    <p
      className="shop"
    >
      Votre réservation se fera à 
    </p>
    <hr
      className="my-2"
    />
    <p
      className="préparation"
    >
      Vous avez choisi 
       
    </p>
    <p
      className="firstName"
    >
      Prénom :
    </p>
    <p
      className="gender"
    >
      Pour 
       
    </p>
    <p
      className="prestation"
    >
      Vous voulez 
       
      <br />
      Vous voulez 
       
    </p>
    <p
      className="horaire"
    >
      Vous désirez être pris en charge le 
       
    </p>
    <p
      className="lead"
    />
  </div>
</div>
`;
