// Jest Snapshot v1, https://goo.gl/fbAQLP

exports[`renders correctly 1`] = `
<div
  className="form-group"
>
  <button
    className="btn btn-primary btn-lg active"
    onClick={[Function]}
    type={undefined}
  >
    RÃ©capitulatif
  </button>
</div>
`;
